/usr/pkg/gopkg/src/golang.org/x/tools/internal/lsp/testdata/noparse_format/parse_format.go.golden