/usr/pkg/gopkg/src/golang.org/x/tools/internal/lsp/testdata/extract/extract_variable/extract_func_call.go.golden