/usr/pkg/gopkg/src/golang.org/x/tools/internal/lsp/testdata/godef/b/e.go.golden