/usr/pkg/gopkg/src/golang.org/x/tools/refactor/eg/testdata/A2.golden