/usr/pkg/gopkg/src/golang.org/x/tools/refactor/eg/testdata/F1.golden