/usr/pkg/gopkg/src/golang.org/x/mod/modfile/testdata/gopkg.in.golden