/usr/pkg/gopkg/src/golang.org/x/tools/internal/lsp/testdata/fillstruct/fill_struct_spaces.go.golden