/usr/pkg/gopkg/src/golang.org/x/tools/cmd/guru/testdata/src/peers-json/main.golden