/usr/pkg/gopkg/src/golang.org/x/tools/cmd/guru/testdata/src/what-json/main.golden