/usr/pkg/gopkg/src/golang.org/x/tools/internal/lsp/testdata/workspacesymbol/casesensitive/!dunk.golden