qt-macros/main.cpp:1:2: warning: Include qglobal.h before testing Q_OS_ macros [-Wclazy-qt-macros]
qt-macros/main.cpp:4:5: warning: Include qglobal.h before testing Q_OS_ macros [-Wclazy-qt-macros]
