/usr/pkg/gopkg/src/golang.org/x/tools/internal/lsp/testdata/extract/extract_function/extract_basic.go.golden