function-args-by-value/lambdas.cpp:12:18: warning: Pass small and trivially-copyable type by value (const struct Trivial &) [-Wclazy-function-args-by-value]
