qenums/main.cpp:17:5: warning: Use Q_ENUM instead of Q_ENUMS [-Wclazy-qenums]
