/usr/pkg/gopkg/src/golang.org/x/tools/internal/lsp/testdata/rename/issue39614/issue39614.go.golden