/usr/pkg/gopkg/src/golang.org/x/mod/modfile/testdata/module.golden