/usr/pkg/gopkg/src/golang.org/x/tools/internal/lsp/testdata/imports/add_import.go.golden